Microchip MPLAB XC8 Compiler V2.10 ()

Linker command line:

-W-3 --edf=C:\Program Files (x86)\Microchip\xc8\v2.10\pic\dat\en_msgs.txt \
  -cs -h+dist/default/production\CSE331_TeamBridge.X.production.sym \
  --cmf=dist/default/production\CSE331_TeamBridge.X.production.cmf -z \
  -Q16LF877A -oC:\Users\sakib\AppData\Local\Temp\s79s.2 \
  --defsym=__MPLAB_BUILD=1 \
  -Mdist/default/production/CSE331_TeamBridge.X.production.map -E1 -ver=XC8 \
  --acfsm=1493 -ASTACK=0110h-016Fh -pstack=STACK -ACODE=00h-07FFhx4 \
  -ASTRCODE=00h-01FFFh -ASTRING=00h-0FFhx32 -ACONST=00h-0FFhx32 \
  -AENTRY=00h-0FFhx32 -ACOMMON=070h-07Fh -ABANK0=020h-06Fh \
  -ABANK1=0A0h-0EFh -ABANK2=0110h-016Fh -ABANK3=0190h-01EFh \
  -ARAM=020h-06Fh,0A0h-0EFh,0110h-016Fh,0190h-01EFh \
  -AABS1=020h-07Fh,0A0h-0EFh,0110h-016Fh,0190h-01EFh -ASFR0=00h-01Fh \
  -ASFR1=080h-09Fh -ASFR2=0100h-010Fh -ASFR3=0180h-018Fh \
  -preset_vec=00h,intentry,init,end_init -ppowerup=CODE -pcinit=CODE \
  -pfunctab=ENTRY -ACONFIG=02007h-02007h -pconfig=CONFIG -DCONFIG=2 \
  -AIDLOC=02000h-02003h -pidloc=IDLOC -DIDLOC=2 -AEEDATA=00h-0FFh/02100h \
  -peeprom_data=EEDATA -DEEDATA=2 -DCODE=2 -DSTRCODE=2 -DSTRING=2 -DCONST=2 \
  -DENTRY=2 -k C:\Users\sakib\AppData\Local\Temp\s79s.o \
  dist/default/production\CSE331_TeamBridge.X.production.o 

Object code version is 3.11

Machine type is 16LF877A



                Name                               Link     Load   Length Selector   Space Scale
C:\Users\sakib\AppData\Local\Temp\s79s.o
                end_init                              0        0        3        0       0
                config                             2007     2007        1     400E       0
dist/default/production\CSE331_TeamBridge.X.production.o
                cinit                               7F3      7F3        D      FE6       0
                text14                              DE9      DE9       22     1BD2       0
                text13                              DCF      DCF       1A     1B9E       0
                text12                              DC2      DC2        D     1B84       0
                text11                              EDD      EDD       5D     1DBA       0
                text10                              E30      E30       52     1C60       0
                text9                               F3A      F3A       5F     1E74       0
                text8                               E0B      E0B       25     1C16       0
                text7                               F99      F99       67     1F32       0
                text6                               E82      E82       5B     1D04       0
                text5                               2B5      2B5      1DD      56A       0
                text4                                 5        5       27        A       0
                text3                               492      492      361      924       0
                text2                                2C       2C       7C       58       0
                text1                                A8       A8       BA      150       0
                maintext                            162      162      153      2C4       0
                cstackBANK0                          20       20       42       20       1
                cstackCOMMON                         70       70        E       70       1
                bssBANK0                             62       62        7       20       1
                strings                             800      800       34     1000       0

TOTAL           Name                               Link     Load   Length     Space
        CLASS   STACK          

        CLASS   CODE           
                end_init                              0        0        3         0
                cinit                               7F3      7F3        D         0
                text14                              DE9      DE9       22         0
                text13                              DCF      DCF       1A         0
                text12                              DC2      DC2        D         0
                text11                              EDD      EDD       5D         0
                text10                              E30      E30       52         0
                text9                               F3A      F3A       5F         0
                text8                               E0B      E0B       25         0
                text7                               F99      F99       67         0
                text6                               E82      E82       5B         0
                text5                               2B5      2B5      1DD         0
                text4                                 5        5       27         0
                text3                               492      492      361         0
                text2                                2C       2C       7C         0
                text1                                A8       A8       BA         0
                maintext                            162      162      153         0

        CLASS   STRCODE        

        CLASS   STRING         
                strings                             800      800       34         0

        CLASS   CONST          

        CLASS   ENTRY          

        CLASS   COMMON         
                cstackCOMMON                         70       70        E         1

        CLASS   BANK0          
                cstackBANK0                          20       20       42         1
                bssBANK0                             62       62        7         1

        CLASS   BANK1          

        CLASS   BANK2          

        CLASS   BANK3          

        CLASS   RAM            

        CLASS   ABS1           
                abs_s1                               7E       7E        2         1

        CLASS   SFR0           

        CLASS   SFR1           

        CLASS   SFR2           

        CLASS   SFR3           

        CLASS   CONFIG         
                config                             2007     2007        1         0

        CLASS   IDLOC          

        CLASS   EEDATA         



SEGMENTS        Name                           Load    Length   Top    Selector   Space  Class     Delta

                reset_vec                      000000  000003  000003         0       0  CODE        2
                text4                          000005  000027  00002C         A       0  CODE        2
                cstackBANK0                    000020  000049  000069        20       1  BANK0       1
                text2                          00002C  00007C  0000A8        58       0  CODE        2
                cstackCOMMON                   000070  00000E  00007E        70       1  COMMON      1
                text1                          0000A8  0000BA  000162       150       0  CODE        2
                maintext                       000162  000153  0002B5       2C4       0  CODE        2
                text5                          0002B5  0001DD  000492       56A       0  CODE        2
                text3                          000492  000361  0007F3       924       0  CODE        2
                cinit                          0007F3  00000D  000800       FE6       0  CODE        2
                strings                        000800  000034  000834      1000       0  STRING      2
                text12                         000DC2  00000D  000DCF      1B84       0  CODE        2
                text13                         000DCF  00001A  000DE9      1B9E       0  CODE        2
                text14                         000DE9  000022  000E0B      1BD2       0  CODE        2
                text8                          000E0B  000025  000E30      1C16       0  CODE        2
                text10                         000E30  000052  000E82      1C60       0  CODE        2
                text6                          000E82  00005B  000EDD      1D04       0  CODE        2
                text11                         000EDD  00005D  000F3A      1DBA       0  CODE        2
                text9                          000F3A  00005F  000F99      1E74       0  CODE        2
                text7                          000F99  000067  001000      1F32       0  CODE        2
                config                         002007  000001  002008      400E       0  CONFIG      2


UNUSED ADDRESS RANGES

        Name                Unused          Largest block    Delta
        BANK0            0069-006F              7           1
        BANK1            00A0-00EF             50           1
        BANK2            0110-016F             60           1
        BANK3            0190-01EF             60           1
        CODE             0003-0004              2           2
                         0834-0DC1            58E
                         1000-1FFF            800
        CONST            0003-0004              2           2
                         0834-0DC1            100
                         1000-1FFF            100
        EEDATA           2100-21FF            100           2
        ENTRY            0003-0004              2           2
                         0834-0DC1            100
                         1000-1FFF            100
        IDLOC            2000-2003              4           2
        RAM              0069-006F              7           1
                         00A0-00EF             50
                         0110-016F             60
                         0190-01EF             60
        SFR0             0000-001F             20           1
        SFR1             0080-009F             20           1
        SFR2             0100-010F             10           1
        SFR3             0180-018F             10           1
        STACK            0110-016F             60           1
        STRCODE          0003-0004              2           2
                         0834-0DC1            58E
                         1000-1FFF           1000
        STRING           0003-0004              2           2
                         0834-0DC1            100
                         1000-1FFF            100

                                  Symbol Table

?__Umul8_16                 cstackCOMMON 0070
?___awdiv                   cstackCOMMON 0070
?___awmod                   cstackCOMMON 0079
?___fldiv                   cstackBANK0  003A
?___flmul                   cstackBANK0  0020
?___fltol                   cstackBANK0  0054
?___xxtofl                  cstackCOMMON 0070
Lcd_Cmd@a                   cstackCOMMON 0073
Lcd_Port@a                  cstackCOMMON 0070
Lcd_Set_Cursor@a            cstackCOMMON 0077
Lcd_Set_Cursor@b            cstackCOMMON 0074
Lcd_Set_Cursor@temp         cstackCOMMON 007A
Lcd_Set_Cursor@y            cstackCOMMON 0079
Lcd_Set_Cursor@z            cstackCOMMON 0078
Lcd_Write_Char@Lower_Nibble cstackCOMMON 0072
Lcd_Write_Char@Upper_Nibble cstackCOMMON 0073
Lcd_Write_Char@data         cstackCOMMON 0074
Lcd_Write_Char@i            cstackCOMMON 0075
Lcd_Write_Char@i_69         cstackCOMMON 0077
Lcd_Write_String@a          cstackCOMMON 007B
Lcd_Write_String@i          cstackCOMMON 0079
_Lcd_Clear                  text12       0DC2
_Lcd_Cmd                    text13       0DCF
_Lcd_Init                   text11       0EDD
_Lcd_Port                   text14       0DE9
_Lcd_Set_Cursor             text10       0E30
_Lcd_Write_Char             text9        0F3A
_Lcd_Write_String           text8        0E0B
_RA0                        (abs)        0028
_RB1                        (abs)        0031
_RB2                        (abs)        0032
_RD2                        (abs)        0042
_RD3                        (abs)        0043
_RD4                        (abs)        0044
_RD5                        (abs)        0045
_RD6                        (abs)        0046
_RD7                        (abs)        0047
_RE0                        (abs)        0048
_TMR1H                      (abs)        000F
_TMR1L                      (abs)        000E
_TMR1ON                     (abs)        0080
_TRISA0                     (abs)        0428
_TRISB1                     (abs)        0431
_TRISB2                     (abs)        0432
_TRISD                      (abs)        0088
_TRISE0                     (abs)        0448
__CFG_BOREN$ON              (abs)        0000
__CFG_CP$OFF                (abs)        0000
__CFG_CPD$OFF               (abs)        0000
__CFG_FOSC$HS               (abs)        0000
__CFG_LVP$OFF               (abs)        0000
__CFG_PWRTE$OFF             (abs)        0000
__CFG_WDTE$OFF              (abs)        0000
__CFG_WRT$OFF               (abs)        0000
__Habs1                     abs1         0000
__Hbank0                    bank0        0000
__Hbank1                    bank1        0000
__Hbank2                    bank2        0000
__Hbank3                    bank3        0000
__HbssBANK0                 bssBANK0     0000
__Hcinit                    cinit        0800
__Hclrtext                  clrtext      0000
__Hcode                     code         0000
__Hcommon                   common       0000
__Hconfig                   config       2008
__HcstackBANK0              cstackBANK0  0000
__HcstackCOMMON             cstackCOMMON 0000
__Heeprom_data              eeprom_data  0000
__Hend_init                 end_init     0003
__Hfunctab                  functab      0000
__Hidloc                    idloc        0000
__Hinit                     init         0000
__Hintentry                 intentry     0000
__Hmaintext                 maintext     0000
__Hpowerup                  powerup      0000
__Hram                      ram          0000
__Hreset_vec                reset_vec    0000
__Hsfr0                     sfr0         0000
__Hsfr1                     sfr1         0000
__Hsfr2                     sfr2         0000
__Hsfr3                     sfr3         0000
__Hspace_0                  (abs)        2008
__Hspace_1                  (abs)        007E
__Hspace_2                  (abs)        0000
__Hspace_3                  (abs)        0000
__Hstack                    stack        0000
__Hstrings                  strings      0000
__Htext                     text         0000
__Labs1                     abs1         0000
__Lbank0                    bank0        0000
__Lbank1                    bank1        0000
__Lbank2                    bank2        0000
__Lbank3                    bank3        0000
__LbssBANK0                 bssBANK0     0000
__Lcinit                    cinit        07F3
__Lclrtext                  clrtext      0000
__Lcode                     code         0000
__Lcommon                   common       0000
__Lconfig                   config       2007
__LcstackBANK0              cstackBANK0  0000
__LcstackCOMMON             cstackCOMMON 0000
__Leeprom_data              eeprom_data  0000
__Lend_init                 end_init     0000
__Lfunctab                  functab      0000
__Lidloc                    idloc        0000
__Linit                     init         0000
__Lintentry                 intentry     0000
__Lmaintext                 maintext     0000
__Lpowerup                  powerup      0000
__Lram                      ram          0000
__Lreset_vec                reset_vec    0000
__Lsfr0                     sfr0         0000
__Lsfr1                     sfr1         0000
__Lsfr2                     sfr2         0000
__Lsfr3                     sfr3         0000
__Lspace_0                  (abs)        0000
__Lspace_1                  (abs)        0000
__Lspace_2                  (abs)        0000
__Lspace_3                  (abs)        0000
__Lstack                    stack        0000
__Lstrings                  strings      0000
__Ltext                     text         0000
__S0                        (abs)        2008
__S1                        (abs)        007E
__S2                        (abs)        0000
__S3                        (abs)        0000
__Umul8_16                  text4        0005
__Umul8_16@multiplicand     cstackCOMMON 0070
__Umul8_16@multiplier       cstackCOMMON 0078
__Umul8_16@product          cstackCOMMON 0074
__Umul8_16@word_mpld        cstackCOMMON 0076
___awdiv                    text7        0F99
___awdiv@counter            cstackCOMMON 0075
___awdiv@dividend           cstackCOMMON 0072
___awdiv@divisor            cstackCOMMON 0070
___awdiv@quotient           cstackCOMMON 0077
___awdiv@sign               cstackCOMMON 0076
___awmod                    text6        0E82
___awmod@counter            cstackBANK0  0020
___awmod@dividend           cstackCOMMON 007B
___awmod@divisor            cstackCOMMON 0079
___awmod@sign               cstackBANK0  0021
___fldiv                    text5        02B5
___fldiv@a                  cstackBANK0  003A
___fldiv@aexp               cstackBANK0  0053
___fldiv@b                  cstackBANK0  003E
___fldiv@bexp               cstackBANK0  0052
___fldiv@grs                cstackBANK0  004E
___fldiv@new_exp            cstackBANK0  004C
___fldiv@rem                cstackBANK0  0047
___fldiv@sign               cstackBANK0  004B
___flmul                    text3        0492
___flmul@a                  cstackBANK0  0024
___flmul@aexp               cstackBANK0  0032
___flmul@b                  cstackBANK0  0020
___flmul@bexp               cstackBANK0  0033
___flmul@grs                cstackBANK0  002E
___flmul@prod               cstackBANK0  0034
___flmul@sign               cstackBANK0  002D
___flmul@temp               cstackBANK0  0038
___fltol                    text2        002C
___fltol@exp1               cstackBANK0  005E
___fltol@f1                 cstackBANK0  0054
___fltol@sign1              cstackBANK0  005D
___int_sp                   stack        0000
___latbits                  (abs)        0002
___sp                       stack        0000
___stackhi                  (abs)        0000
___stacklo                  (abs)        0000
___xxtofl                   text1        00A8
___xxtofl@arg               cstackCOMMON 007A
___xxtofl@exp               cstackCOMMON 0079
___xxtofl@sign              cstackCOMMON 0078
___xxtofl@val               cstackCOMMON 0070
__end_of_Lcd_Clear          text12       0DCF
__end_of_Lcd_Cmd            text13       0DE9
__end_of_Lcd_Init           text11       0F3A
__end_of_Lcd_Port           text14       0E0B
__end_of_Lcd_Set_Cursor     text10       0E82
__end_of_Lcd_Write_Char     text9        0F99
__end_of_Lcd_Write_String   text8        0E30
__end_of__Umul8_16          text4        002C
__end_of___awdiv            text7        1000
__end_of___awmod            text6        0EDD
__end_of___fldiv            text5        0492
__end_of___flmul            text3        07F3
__end_of___fltol            text2        00A8
__end_of___xxtofl           text1        0162
__end_of__initialization    cinit        07FC
__end_of__stringtab         strings      0806
__end_of_main               maintext     02B5
__initialization            cinit        07F3
__pbssBANK0                 bssBANK0     0062
__pcstackBANK0              cstackBANK0  0020
__pcstackCOMMON             cstackCOMMON 0070
__pmaintext                 maintext     0162
__pstrings                  strings      0800
__ptext1                    text1        00A8
__ptext10                   text10       0E30
__ptext11                   text11       0EDD
__ptext12                   text12       0DC2
__ptext13                   text13       0DCF
__ptext14                   text14       0DE9
__ptext2                    text2        002C
__ptext3                    text3        0492
__ptext4                    text4        0005
__ptext5                    text5        02B5
__ptext6                    text6        0E82
__ptext7                    text7        0F99
__ptext8                    text8        0E0B
__ptext9                    text9        0F3A
__size_of_Lcd_Clear         (abs)        0000
__size_of_Lcd_Cmd           (abs)        0000
__size_of_Lcd_Init          (abs)        0000
__size_of_Lcd_Port          (abs)        0000
__size_of_Lcd_Set_Cursor    (abs)        0000
__size_of_Lcd_Write_Char    (abs)        0000
__size_of_Lcd_Write_String  (abs)        0000
__size_of__Umul8_16         (abs)        0000
__size_of___awdiv           (abs)        0000
__size_of___awmod           (abs)        0000
__size_of___fldiv           (abs)        0000
__size_of___flmul           (abs)        0000
__size_of___fltol           (abs)        0000
__size_of___xxtofl          (abs)        0000
__size_of_main              (abs)        0000
__stringbase                strings      0805
__stringtab                 strings      0800
_d1                         bssBANK0     0066
_d2                         bssBANK0     0065
_d3                         bssBANK0     0064
_distance                   bssBANK0     0062
_main                       maintext     0162
_time_taken                 bssBANK0     0067
btemp                       (abs)        007E
end_of_initialization       cinit        07FC
intlevel0                   functab      0000
intlevel1                   functab      0000
intlevel2                   functab      0000
intlevel3                   functab      0000
intlevel4                   functab      0000
intlevel5                   functab      0000
reset_vec                   reset_vec    0000
start                       init         0000
start_initialization        cinit        07F3
wtemp0                      (abs)        007E


FUNCTION INFORMATION:

 *************** function _main *****************
 Defined at:
		line 39 in file "main.c"
 Parameters:    Size  Location     Type
		None
 Auto vars:     Size  Location     Type
		None
 Return value:  Size  Location     Type
                  1    wreg      void 
 Registers used:
		wreg, fsr0l, fsr0h, status,2, status,0, btemp+1, pclath, cstack
 Tracked objects:
		On entry : 
		On exit  : 
		Unchanged: 
 Data sizes:     COMMON   BANK0   BANK1   BANK3   BANK2
      Params:         0       0       0       0       0
      Locals:         0       0       0       0       0
      Temps:          0       3       0       0       0
      Totals:         0       3       0       0       0
Total ram usage:        3 bytes
 Hardware stack levels required when called:    3
 This function calls:
		_Lcd_Clear
		_Lcd_Init
		_Lcd_Set_Cursor
		_Lcd_Write_Char
		_Lcd_Write_String
		___awdiv
		___awmod
		___fldiv
		___flmul
		___fltol
		___xxtofl
 This function is called by:
		Startup code after reset
 This function uses a non-reentrant model


 *************** function ___xxtofl *****************
 Defined at:
		line 10 in file "C:\Program Files (x86)\Microchip\xc8\v2.10\pic\sources\c90\common\xxtofl.c"
 Parameters:    Size  Location     Type
  sign            1    wreg     unsigned char 
  val             4    0[COMMON] long 
 Auto vars:     Size  Location     Type
  sign            1    8[COMMON] unsigned char 
  arg             4   10[COMMON] unsigned long 
  exp             1    9[COMMON] unsigned char 
 Return value:  Size  Location     Type
                  4    0[COMMON] unsigned char 
 Registers used:
		wreg, status,2, status,0
 Tracked objects:
		On entry : 
		On exit  : 
		Unchanged: 
 Data sizes:     COMMON   BANK0   BANK1   BANK3   BANK2
      Params:         4       0       0       0       0
      Locals:         6       0       0       0       0
      Temps:          4       0       0       0       0
      Totals:        14       0       0       0       0
Total ram usage:       14 bytes
 Hardware stack levels used:    1
 This function calls:
		Nothing
 This function is called by:
		_main
 This function uses a non-reentrant model


 *************** function ___fltol *****************
 Defined at:
		line 43 in file "C:\Program Files (x86)\Microchip\xc8\v2.10\pic\sources\c90\common\fltol.c"
 Parameters:    Size  Location     Type
  f1              4   52[BANK0 ] unsigned char 
 Auto vars:     Size  Location     Type
  exp1            1   62[BANK0 ] unsigned char 
  sign1           1   61[BANK0 ] unsigned char 
 Return value:  Size  Location     Type
                  4   52[BANK0 ] long 
 Registers used:
		wreg, status,2, status,0
 Tracked objects:
		On entry : 
		On exit  : 
		Unchanged: 
 Data sizes:     COMMON   BANK0   BANK1   BANK3   BANK2
      Params:         0       4       0       0       0
      Locals:         0       2       0       0       0
      Temps:          0       5       0       0       0
      Totals:         0      11       0       0       0
Total ram usage:       11 bytes
 Hardware stack levels used:    1
 This function calls:
		Nothing
 This function is called by:
		_main
 This function uses a non-reentrant model


 *************** function ___flmul *****************
 Defined at:
		line 8 in file "C:\Program Files (x86)\Microchip\xc8\v2.10\pic\sources\c90\common\sprcmul.c"
 Parameters:    Size  Location     Type
  b               4    0[BANK0 ] long 
  a               4    4[BANK0 ] long 
 Auto vars:     Size  Location     Type
  prod            4   20[BANK0 ] struct .
  grs             4   14[BANK0 ] unsigned long 
  temp            2   24[BANK0 ] struct .
  bexp            1   19[BANK0 ] unsigned char 
  aexp            1   18[BANK0 ] unsigned char 
  sign            1   13[BANK0 ] unsigned char 
 Return value:  Size  Location     Type
                  4    0[BANK0 ] unsigned char 
 Registers used:
		wreg, status,2, status,0, btemp+1, pclath, cstack
 Tracked objects:
		On entry : 
		On exit  : 
		Unchanged: 
 Data sizes:     COMMON   BANK0   BANK1   BANK3   BANK2
      Params:         0       8       0       0       0
      Locals:         0      13       0       0       0
      Temps:          0       5       0       0       0
      Totals:         0      26       0       0       0
Total ram usage:       26 bytes
 Hardware stack levels used:    1
 Hardware stack levels required when called:    1
 This function calls:
		__Umul8_16
 This function is called by:
		_main
 This function uses a non-reentrant model


 *************** function __Umul8_16 *****************
 Defined at:
		line 4 in file "C:\Program Files (x86)\Microchip\xc8\v2.10\pic\sources\c90\common\Umul8_16.c"
 Parameters:    Size  Location     Type
  multiplier      1    wreg     unsigned char 
  multiplicand    1    0[COMMON] unsigned char 
 Auto vars:     Size  Location     Type
  multiplier      1    8[COMMON] unsigned char 
  word_mpld       2    6[COMMON] unsigned int 
  product         2    4[COMMON] unsigned int 
 Return value:  Size  Location     Type
                  2    0[COMMON] unsigned int 
 Registers used:
		wreg, status,2, status,0
 Tracked objects:
		On entry : 
		On exit  : 
		Unchanged: 
 Data sizes:     COMMON   BANK0   BANK1   BANK3   BANK2
      Params:         2       0       0       0       0
      Locals:         5       0       0       0       0
      Temps:          2       0       0       0       0
      Totals:         9       0       0       0       0
Total ram usage:        9 bytes
 Hardware stack levels used:    1
 This function calls:
		Nothing
 This function is called by:
		___flmul
 This function uses a non-reentrant model


 *************** function ___fldiv *****************
 Defined at:
		line 8 in file "C:\Program Files (x86)\Microchip\xc8\v2.10\pic\sources\c90\common\sprcdiv.c"
 Parameters:    Size  Location     Type
  a               4   26[BANK0 ] unsigned int 
  b               4   30[BANK0 ] unsigned int 
 Auto vars:     Size  Location     Type
  grs             4   46[BANK0 ] unsigned long 
  rem             4   39[BANK0 ] unsigned long 
  new_exp         2   44[BANK0 ] int 
  aexp            1   51[BANK0 ] unsigned char 
  bexp            1   50[BANK0 ] unsigned char 
  sign            1   43[BANK0 ] unsigned char 
 Return value:  Size  Location     Type
                  4   26[BANK0 ] unsigned char 
 Registers used:
		wreg, status,2, status,0, btemp+1
 Tracked objects:
		On entry : 
		On exit  : 
		Unchanged: 
 Data sizes:     COMMON   BANK0   BANK1   BANK3   BANK2
      Params:         0       8       0       0       0
      Locals:         0      13       0       0       0
      Temps:          0       5       0       0       0
      Totals:         0      26       0       0       0
Total ram usage:       26 bytes
 Hardware stack levels used:    1
 This function calls:
		Nothing
 This function is called by:
		_main
 This function uses a non-reentrant model


 *************** function ___awmod *****************
 Defined at:
		line 5 in file "C:\Program Files (x86)\Microchip\xc8\v2.10\pic\sources\c90\common\awmod.c"
 Parameters:    Size  Location     Type
  divisor         2    9[COMMON] int 
  dividend        2   11[COMMON] int 
 Auto vars:     Size  Location     Type
  sign            1    1[BANK0 ] unsigned char 
  counter         1    0[BANK0 ] unsigned char 
 Return value:  Size  Location     Type
                  2    9[COMMON] int 
 Registers used:
		wreg, status,2, status,0
 Tracked objects:
		On entry : 
		On exit  : 
		Unchanged: 
 Data sizes:     COMMON   BANK0   BANK1   BANK3   BANK2
      Params:         4       0       0       0       0
      Locals:         0       2       0       0       0
      Temps:          1       0       0       0       0
      Totals:         5       2       0       0       0
Total ram usage:        7 bytes
 Hardware stack levels used:    1
 This function calls:
		Nothing
 This function is called by:
		_main
 This function uses a non-reentrant model


 *************** function ___awdiv *****************
 Defined at:
		line 5 in file "C:\Program Files (x86)\Microchip\xc8\v2.10\pic\sources\c90\common\awdiv.c"
 Parameters:    Size  Location     Type
  divisor         2    0[COMMON] int 
  dividend        2    2[COMMON] int 
 Auto vars:     Size  Location     Type
  quotient        2    7[COMMON] int 
  sign            1    6[COMMON] unsigned char 
  counter         1    5[COMMON] unsigned char 
 Return value:  Size  Location     Type
                  2    0[COMMON] int 
 Registers used:
		wreg, status,2, status,0
 Tracked objects:
		On entry : 
		On exit  : 
		Unchanged: 
 Data sizes:     COMMON   BANK0   BANK1   BANK3   BANK2
      Params:         4       0       0       0       0
      Locals:         4       0       0       0       0
      Temps:          1       0       0       0       0
      Totals:         9       0       0       0       0
Total ram usage:        9 bytes
 Hardware stack levels used:    1
 This function calls:
		Nothing
 This function is called by:
		_main
 This function uses a non-reentrant model


 *************** function _Lcd_Write_String *****************
 Defined at:
		line 97 in file "./lcd.h"
 Parameters:    Size  Location     Type
  a               1    wreg     PTR unsigned char 
		 -> STR_4(10), STR_3(14), STR_2(10), STR_1(12), 
 Auto vars:     Size  Location     Type
  a               1   11[COMMON] PTR unsigned char 
		 -> STR_4(10), STR_3(14), STR_2(10), STR_1(12), 
  i               2    9[COMMON] int 
 Return value:  Size  Location     Type
                  1    wreg      void 
 Registers used:
		wreg, fsr0l, fsr0h, status,2, status,0, btemp+1, pclath, cstack
 Tracked objects:
		On entry : 
		On exit  : 
		Unchanged: 
 Data sizes:     COMMON   BANK0   BANK1   BANK3   BANK2
      Params:         0       0       0       0       0
      Locals:         3       0       0       0       0
      Temps:          0       0       0       0       0
      Totals:         3       0       0       0       0
Total ram usage:        3 bytes
 Hardware stack levels used:    1
 Hardware stack levels required when called:    2
 This function calls:
		_Lcd_Write_Char
 This function is called by:
		_main
 This function uses a non-reentrant model


 *************** function _Lcd_Write_Char *****************
 Defined at:
		line 81 in file "./lcd.h"
 Parameters:    Size  Location     Type
  data            1    wreg     unsigned char 
 Auto vars:     Size  Location     Type
  data            1    4[COMMON] unsigned char 
  i               2    7[COMMON] int 
  i               2    5[COMMON] int 
  Upper_Nibble    1    3[COMMON] unsigned char 
  Lower_Nibble    1    2[COMMON] unsigned char 
 Return value:  Size  Location     Type
                  1    wreg      void 
 Registers used:
		wreg, status,2, status,0, btemp+1, pclath, cstack
 Tracked objects:
		On entry : 
		On exit  : 
		Unchanged: 
 Data sizes:     COMMON   BANK0   BANK1   BANK3   BANK2
      Params:         0       0       0       0       0
      Locals:         7       0       0       0       0
      Temps:          1       0       0       0       0
      Totals:         8       0       0       0       0
Total ram usage:        8 bytes
 Hardware stack levels used:    1
 Hardware stack levels required when called:    1
 This function calls:
		_Lcd_Port
 This function is called by:
		_Lcd_Write_String
		_main
 This function uses a non-reentrant model


 *************** function _Lcd_Set_Cursor *****************
 Defined at:
		line 41 in file "./lcd.h"
 Parameters:    Size  Location     Type
  a               1    wreg     unsigned char 
  b               1    4[COMMON] unsigned char 
 Auto vars:     Size  Location     Type
  a               1    7[COMMON] unsigned char 
  temp            1   10[COMMON] unsigned char 
  y               1    9[COMMON] unsigned char 
  z               1    8[COMMON] unsigned char 
 Return value:  Size  Location     Type
                  1    wreg      void 
 Registers used:
		wreg, status,2, status,0, pclath, cstack
 Tracked objects:
		On entry : 
		On exit  : 
		Unchanged: 
 Data sizes:     COMMON   BANK0   BANK1   BANK3   BANK2
      Params:         1       0       0       0       0
      Locals:         4       0       0       0       0
      Temps:          2       0       0       0       0
      Totals:         7       0       0       0       0
Total ram usage:        7 bytes
 Hardware stack levels used:    1
 Hardware stack levels required when called:    2
 This function calls:
		_Lcd_Cmd
 This function is called by:
		_main
 This function uses a non-reentrant model


 *************** function _Lcd_Init *****************
 Defined at:
		line 62 in file "./lcd.h"
 Parameters:    Size  Location     Type
		None
 Auto vars:     Size  Location     Type
		None
 Return value:  Size  Location     Type
                  1    wreg      void 
 Registers used:
		wreg, status,2, status,0, pclath, cstack
 Tracked objects:
		On entry : 
		On exit  : 
		Unchanged: 
 Data sizes:     COMMON   BANK0   BANK1   BANK3   BANK2
      Params:         0       0       0       0       0
      Locals:         0       0       0       0       0
      Temps:          2       0       0       0       0
      Totals:         2       0       0       0       0
Total ram usage:        2 bytes
 Hardware stack levels used:    1
 Hardware stack levels required when called:    2
 This function calls:
		_Lcd_Cmd
		_Lcd_Port
 This function is called by:
		_main
 This function uses a non-reentrant model


 *************** function _Lcd_Clear *****************
 Defined at:
		line 35 in file "./lcd.h"
 Parameters:    Size  Location     Type
		None
 Auto vars:     Size  Location     Type
		None
 Return value:  Size  Location     Type
                  2   56[None  ] int 
 Registers used:
		wreg, status,2, status,0, pclath, cstack
 Tracked objects:
		On entry : 
		On exit  : 
		Unchanged: 
 Data sizes:     COMMON   BANK0   BANK1   BANK3   BANK2
      Params:         0       0       0       0       0
      Locals:         0       0       0       0       0
      Temps:          0       0       0       0       0
      Totals:         0       0       0       0       0
Total ram usage:        0 bytes
 Hardware stack levels used:    1
 Hardware stack levels required when called:    2
 This function calls:
		_Lcd_Cmd
 This function is called by:
		_main
 This function uses a non-reentrant model


 *************** function _Lcd_Cmd *****************
 Defined at:
		line 26 in file "./lcd.h"
 Parameters:    Size  Location     Type
  a               1    wreg     unsigned char 
 Auto vars:     Size  Location     Type
  a               1    3[COMMON] unsigned char 
 Return value:  Size  Location     Type
                  1    wreg      void 
 Registers used:
		wreg, status,2, status,0, pclath, cstack
 Tracked objects:
		On entry : 
		On exit  : 
		Unchanged: 
 Data sizes:     COMMON   BANK0   BANK1   BANK3   BANK2
      Params:         0       0       0       0       0
      Locals:         1       0       0       0       0
      Temps:          2       0       0       0       0
      Totals:         3       0       0       0       0
Total ram usage:        3 bytes
 Hardware stack levels used:    1
 Hardware stack levels required when called:    1
 This function calls:
		_Lcd_Port
 This function is called by:
		_Lcd_Clear
		_Lcd_Set_Cursor
		_Lcd_Init
 This function uses a non-reentrant model


 *************** function _Lcd_Port *****************
 Defined at:
		line 4 in file "./lcd.h"
 Parameters:    Size  Location     Type
  a               1    wreg     unsigned char 
 Auto vars:     Size  Location     Type
  a               1    0[COMMON] unsigned char 
 Return value:  Size  Location     Type
                  1    wreg      void 
 Registers used:
		wreg
 Tracked objects:
		On entry : 
		On exit  : 
		Unchanged: 
 Data sizes:     COMMON   BANK0   BANK1   BANK3   BANK2
      Params:         0       0       0       0       0
      Locals:         1       0       0       0       0
      Temps:          0       0       0       0       0
      Totals:         1       0       0       0       0
Total ram usage:        1 bytes
 Hardware stack levels used:    1
 This function calls:
		Nothing
 This function is called by:
		_Lcd_Cmd
		_Lcd_Init
		_Lcd_Write_Char
 This function uses a non-reentrant model



MODULE INFORMATION

Module		Function		Class		Link	Load	Size
C:\Program Files (x86)\Microchip\xc8\v2.10\pic\sources\c90\common\awdiv.c
		___awdiv       		CODE           	0F99	0000	104

C:\Program Files (x86)\Microchip\xc8\v2.10\pic\sources\c90\common\awdiv.c estimated size: 104

C:\Program Files (x86)\Microchip\xc8\v2.10\pic\sources\c90\common\fltol.c
		___fltol       		CODE           	002C	0000	125

C:\Program Files (x86)\Microchip\xc8\v2.10\pic\sources\c90\common\fltol.c estimated size: 125

./lcd.h
		_Lcd_Write_String		CODE           	0E0B	0000	38
		_Lcd_Init      		CODE           	0EDD	0000	94
		_Lcd_Write_Char		CODE           	0F3A	0000	96
		_Lcd_Cmd       		CODE           	0DCF	0000	27
		_Lcd_Set_Cursor		CODE           	0E30	0000	83
		_Lcd_Clear     		CODE           	0DC2	0000	14
		_Lcd_Port      		CODE           	0DE9	0000	35

./lcd.h estimated size: 387

C:\Program Files (x86)\Microchip\xc8\v2.10\pic\sources\c90\common\sprcmul.c
		___flmul       		CODE           	0492	0000	866

C:\Program Files (x86)\Microchip\xc8\v2.10\pic\sources\c90\common\sprcmul.c estimated size: 866

C:\Program Files (x86)\Microchip\xc8\v2.10\pic\sources\c90\common\Umul8_16.c
		__Umul8_16     		CODE           	0005	0000	40

C:\Program Files (x86)\Microchip\xc8\v2.10\pic\sources\c90\common\Umul8_16.c estimated size: 40

C:\Program Files (x86)\Microchip\xc8\v2.10\pic\sources\c90\common\sprcdiv.c
		___fldiv       		CODE           	02B5	0000	478

C:\Program Files (x86)\Microchip\xc8\v2.10\pic\sources\c90\common\sprcdiv.c estimated size: 478

C:\Program Files (x86)\Microchip\xc8\v2.10\pic\sources\c90\common\xxtofl.c
		___xxtofl      		CODE           	00A8	0000	187

C:\Program Files (x86)\Microchip\xc8\v2.10\pic\sources\c90\common\xxtofl.c estimated size: 187

shared
		__stringtab    		STRING         	0800	0000	7
		__initialization		CODE           	07F3	0000	10

shared estimated size: 17

C:\Program Files (x86)\Microchip\xc8\v2.10\pic\sources\c90\common\awmod.c
		___awmod       		CODE           	0E82	0000	92

C:\Program Files (x86)\Microchip\xc8\v2.10\pic\sources\c90\common\awmod.c estimated size: 92

main.c
		_main          		CODE           	0162	0000	340

main.c estimated size: 340

